﻿
> researcha-app@0.0.0 build
> vite build

[36mvite v7.3.1 [32mbuilding client environment for production...[36m[39m
transforming...
[32mÔ£ô[39m 3 modules transformed.
node.exe : 
[31mÔ£ù[39m Build 
failed in 696ms
At line:1 char:1
+ & "C:\Program Files
\nodejs/node.exe" 
"C:\Program 
Files\nodejs/node_mo 
...
+ ~~~~~~~~~~~~~~~~~~~
~~~~~~~~~~~~~~~~~~~~~
~~~~~~~~~~~~~~~~~~~~~
~~~~~~~~
    + CategoryInfo   
           : NotSpe  
  cified: ([31mÔ£   
 ù[39m Build fai    
led in 696ms:Str    
ing) [], RemoteE    
xception
    + FullyQualified 
   ErrorId : Native  
  CommandError
 
[31merror during 
build:
[31m[vite:css] 
[postcss] It looks 
like you're trying 
to use `tailwindcss` 
directly as a 
PostCSS plugin. The 
PostCSS plugin has 
moved to a separate 
package, so to 
continue using 
Tailwind CSS with 
PostCSS you'll need 
to install `@tailwind
css/postcss` and 
update your PostCSS 
configuration.[31m
file: 
[36mC:/Users/RAM Tec
h/Downloads/market 
researchs platform - 
researcha/researcha-a
pp/src/index.css:unde
fined:NaN[31m
    at at 
(C:\Users\RAM Tech\Do
wnloads\market 
researchs platform - 
researcha\researcha-a
pp\node_modules\tailw
indcss\dist\lib.js:38
:1643)
    at 
LazyResult.runOnRoot 
(C:\Users\RAM Tech\Do
wnloads\market 
researchs platform - 
researcha\researcha-a
pp\node_modules\postc
ss\lib\lazy-result.js
:361:16)
    at 
LazyResult.runAsync 
(C:\Users\RAM Tech\Do
wnloads\market 
researchs platform - 
researcha\researcha-a
pp\node_modules\postc
ss\lib\lazy-result.js
:290:26)
    at 
LazyResult.async 
(C:\Users\RAM Tech\Do
wnloads\market 
researchs platform - 
researcha\researcha-a
pp\node_modules\postc
ss\lib\lazy-result.js
:192:30)
    at 
LazyResult.then 
(C:\Users\RAM Tech\Do
wnloads\market 
researchs platform - 
researcha\researcha-a
pp\node_modules\postc
ss\lib\lazy-result.js
:436:17)[39m
